
================================================================================
                              Slurm Job Statistics                              
================================================================================
         Job ID: 24039260
  NetID/Account: nicolasal97/agfritz
       Job Name: run_h100
          State: COMPLETED
          Nodes: 1
      CPU Cores: 1
     CPU Memory: 26GB (26GB per CPU-core)
           GPUs: 1
  QOS/Partition: standard/scavenger
        Cluster: curta
     Start Time: Thu Sep 25, 2025 at 5:48 PM
       Run Time: 01:16:05
     Time Limit: 06:00:00

                              Overall Utilization                               
================================================================================
  CPU utilization  [||||||||||||||||||||||||||                     52%]
  CPU memory usage [|||||||||||||||||||||||||||||||||||||||        79%]
  GPU utilization  [||||                                            9%]
  GPU memory usage [||||||||||||||||||||||||||||||                 60%]

                              Detailed Utilization                              
================================================================================
  CPU utilization per node (CPU time used/run time)
      g016.curta.zedat.fu-berlin.de: 00:39:56/01:16:05 (efficiency=52.5%)

  CPU memory usage per node - used/allocated
      g016.curta.zedat.fu-berlin.de: 20.6GB/26GB (20.6GB/26GB per core of 1, efficiency=79.1%)

  GPU utilization per node
      g016.curta.zedat.fu-berlin.de (GPU 3): 9.1%

  GPU memory usage per node - maximum used/total
      g016.curta.zedat.fu-berlin.de (GPU 3): 47.5GB/79.6GB (59.7%)

                                     Notes                                      
================================================================================
  * The overall GPU utilization of this job is only 9%. This value is low.
    Please investigate the reason for the low utilization. For more info:
      https://www.fu-berlin.de/en/sites/high-performance-computing/Dokumentation/Ressourcennutzung

  * This job only needed 21% of the requested time, which was 06:00:00. For
    future jobs, please request less time by modifying the --time Slurm
    directive. This will lower your queue times and allow the Slurm job
    scheduler to work more effectively for all users. For more info:
      https://www.fu-berlin.de/en/sites/high-performance-computing/Dokumentation/Ressourcen-Manager/Zeitlimit

  * Have a nice day!


