
================================================================================
                              Slurm Job Statistics                              
================================================================================
         Job ID: 24053098
  NetID/Account: nicolasal97/agfritz
       Job Name: run_h100
          State: COMPLETED
          Nodes: 1
      CPU Cores: 1
     CPU Memory: 26GB (26GB per CPU-core)
           GPUs: 1
  QOS/Partition: standard/scavenger
        Cluster: curta
     Start Time: Sat Sep 27, 2025 at 12:52 PM
       Run Time: 00:05:06
     Time Limit: 06:00:00

                              Overall Utilization                               
================================================================================
  CPU utilization  [||||||||||||||||||||||                         44%]
  CPU memory usage [||||||                                         13%]
  GPU utilization  [                                                0%]
  GPU memory usage [                                                1%]

                              Detailed Utilization                              
================================================================================
  CPU utilization per node (CPU time used/run time)
      g016.curta.zedat.fu-berlin.de: 00:02:14/00:05:06 (efficiency=43.9%)

  CPU memory usage per node - used/allocated
      g016.curta.zedat.fu-berlin.de: 3.5GB/26GB (3.5GB/26GB per core of 1, efficiency=13.5%)

  GPU utilization per node
      g016.curta.zedat.fu-berlin.de (GPU 0): 0% <-- GPU was not used

  GPU memory usage per node - maximum used/total
      g016.curta.zedat.fu-berlin.de (GPU 0): 479.9MB/79.6GB (0.6%)

                                     Notes                                      
================================================================================
  * This job did not use the GPU. Please resolve this before running
    additional jobs. Wasting resources prevents other users from getting their
    work done and it causes your subsequent jobs to have a lower priority. Is
    the code GPU-enabled? Please consult the documentation for the software.
    For more info:
      https://www.fu-berlin.de/en/sites/high-performance-computing/Dokumentation/Ressourcen-Manager/GPUs

  * The overall GPU utilization of this job is only 0%. This value is low.
    Please investigate the reason for the low utilization. For more info:
      https://www.fu-berlin.de/en/sites/high-performance-computing/Dokumentation/Ressourcennutzung

  * This job only used 13% of the 26GB of total allocated CPU memory. For
    future jobs, please allocate less memory by using a Slurm directive such
    as --mem-per-cpu=5G or --mem=5G. This will reduce your queue times and
    make the resources available to other users. For more info:
      https://www.fu-berlin.de/en/sites/high-performance-computing/Dokumentation/Ressourcen-Manager/Hauptspeicher/

  * Have a nice day!


