
================================================================================
                              Slurm Job Statistics                              
================================================================================
         Job ID: 24015378
  NetID/Account: nicolasal97/agfritz
       Job Name: run_h100
          State: COMPLETED
          Nodes: 1
      CPU Cores: 1
     CPU Memory: 9GB (9GB per CPU-core)
           GPUs: 1
  QOS/Partition: standard/scavenger
        Cluster: curta
     Start Time: Mon Sep 22, 2025 at 2:47 PM
       Run Time: 00:15:16
     Time Limit: 1-00:00:00

                              Overall Utilization                               
================================================================================
  CPU utilization  [|||||||||||||||||||||||||||||||||||||||||||    87%]
  CPU memory usage [|||||||||||                                    23%]
  GPU utilization  [|||||||||||||||||||||||                        46%]
  GPU memory usage [|||||||||||||||||||||||||||||||||||||||||||||| 92%]

                              Detailed Utilization                              
================================================================================
  CPU utilization per node (CPU time used/run time)
      g016.curta.zedat.fu-berlin.de: 00:13:15/00:15:16 (efficiency=86.9%)

  CPU memory usage per node - used/allocated
      g016.curta.zedat.fu-berlin.de: 2.1GB/9GB (2.1GB/9GB per core of 1, efficiency=22.9%)

  GPU utilization per node
      g016.curta.zedat.fu-berlin.de (GPU 0): 46.0%

  GPU memory usage per node - maximum used/total
      g016.curta.zedat.fu-berlin.de (GPU 0): 73.2GB/79.6GB (92.0%)

                                     Notes                                      
================================================================================
  * This job only needed 1% of the requested time, which was 1-00:00:00. For
    future jobs, please request less time by modifying the --time Slurm
    directive. This will lower your queue times and allow the Slurm job
    scheduler to work more effectively for all users. For more info:
      https://www.fu-berlin.de/en/sites/high-performance-computing/Dokumentation/Ressourcen-Manager/Zeitlimit

  * This job only used 23% of the 9GB of total allocated CPU memory. For
    future jobs, please allocate less memory by using a Slurm directive such
    as --mem-per-cpu=3G or --mem=3G. This will reduce your queue times and
    make the resources available to other users. For more info:
      https://www.fu-berlin.de/en/sites/high-performance-computing/Dokumentation/Ressourcen-Manager/Hauptspeicher/

  * Have a nice day!


