
================================================================================
                              Slurm Job Statistics                              
================================================================================
         Job ID: 24006114
  NetID/Account: nicolasal97/agfritz
       Job Name: run_a5000
          State: FAILED
          Nodes: 1
      CPU Cores: 1
     CPU Memory: 9GB (9GB per CPU-core)
           GPUs: 1
  QOS/Partition: standard/scavenger
        Cluster: curta
     Start Time: Sat Sep 20, 2025 at 6:46 PM
       Run Time: 1-13:11:48
     Time Limit: 2-00:00:00

                              Overall Utilization                               
================================================================================
  CPU utilization  [||||||||||||||||||||||||||||||||||||||||||||||100%]
  CPU memory usage [||||||||||||||||||||||||||||||                 60%]
  GPU utilization  [|||||||||||||||||||||||||||||||||||||||||||||||99%]
  GPU memory usage [|||||||||||||||||||||||||||||||||||||||||||||||97%]

                              Detailed Utilization                              
================================================================================
  CPU utilization per node (CPU time used/run time)
      g012.curta.zedat.fu-berlin.de: 1-13:00:44/1-13:11:48 (efficiency=99.5%)

  CPU memory usage per node - used/allocated
      g012.curta.zedat.fu-berlin.de: 5.4GB/9GB (5.4GB/9GB per core of 1, efficiency=59.8%)

  GPU utilization per node
      g012.curta.zedat.fu-berlin.de (GPU 1): 99.3%

  GPU memory usage per node - maximum used/total
      g012.curta.zedat.fu-berlin.de (GPU 1): 23.3GB/24GB (97.1%)

                                     Notes                                      
================================================================================
  * This job only used 60% of the 9GB of total allocated CPU memory. For
    future jobs, please allocate less memory by using a Slurm directive such
    as --mem-per-cpu=7G or --mem=7G. This will reduce your queue times and
    make the resources available to other users. For more info:
      https://www.fu-berlin.de/en/sites/high-performance-computing/Dokumentation/Ressourcen-Manager/Hauptspeicher/

  * Have a nice day!


