
================================================================================
                              Slurm Job Statistics                              
================================================================================
         Job ID: 24039259
  NetID/Account: nicolasal97/agfritz
       Job Name: run_h100
          State: COMPLETED
          Nodes: 1
      CPU Cores: 1
     CPU Memory: 26GB (26GB per CPU-core)
           GPUs: 1
  QOS/Partition: standard/scavenger
        Cluster: curta
     Start Time: Thu Sep 25, 2025 at 5:47 PM
       Run Time: 01:29:20
     Time Limit: 06:00:00

                              Overall Utilization                               
================================================================================
  CPU utilization  [||||||||||||||||||||||||||||||                 61%]
  CPU memory usage [||||||||||||||||||||||||||||||||||             69%]
  GPU utilization  [|||||                                          10%]
  GPU memory usage [||||||||||||||||||||||||||||||||               64%]

                              Detailed Utilization                              
================================================================================
  CPU utilization per node (CPU time used/run time)
      g016.curta.zedat.fu-berlin.de: 00:54:38/01:29:20 (efficiency=61.2%)

  CPU memory usage per node - used/allocated
      g016.curta.zedat.fu-berlin.de: 18.0GB/26GB (18.0GB/26GB per core of 1, efficiency=69.2%)

  GPU utilization per node
      g016.curta.zedat.fu-berlin.de (GPU 2): 9.9%

  GPU memory usage per node - maximum used/total
      g016.curta.zedat.fu-berlin.de (GPU 2): 50.9GB/79.6GB (63.9%)

                                     Notes                                      
================================================================================
  * The overall GPU utilization of this job is only 10%. This value is low.
    Please investigate the reason for the low utilization. For more info:
      https://www.fu-berlin.de/en/sites/high-performance-computing/Dokumentation/Ressourcennutzung

  * This job only needed 25% of the requested time, which was 06:00:00. For
    future jobs, please request less time by modifying the --time Slurm
    directive. This will lower your queue times and allow the Slurm job
    scheduler to work more effectively for all users. For more info:
      https://www.fu-berlin.de/en/sites/high-performance-computing/Dokumentation/Ressourcen-Manager/Zeitlimit

  * This job only used 69% of the 26GB of total allocated CPU memory. For
    future jobs, please allocate less memory by using a Slurm directive such
    as --mem-per-cpu=22G or --mem=22G. This will reduce your queue times and
    make the resources available to other users. For more info:
      https://www.fu-berlin.de/en/sites/high-performance-computing/Dokumentation/Ressourcen-Manager/Hauptspeicher/

  * Have a nice day!


