
================================================================================
                              Slurm Job Statistics                              
================================================================================
         Job ID: 24006113
  NetID/Account: nicolasal97/agfritz
       Job Name: run_h100
          State: FAILED
          Nodes: 1
      CPU Cores: 1
     CPU Memory: 9GB (9GB per CPU-core)
           GPUs: 1
  QOS/Partition: standard/scavenger
        Cluster: curta
     Start Time: Sat Sep 20, 2025 at 12:39 PM
       Run Time: 1-21:47:32
     Time Limit: 2-00:00:00

                              Overall Utilization                               
================================================================================
  CPU utilization  [||||||||||||||||||||||||||||||||||||||||||||||100%]
  CPU memory usage [|||||||||||||||||||||||||||||||||||||          74%]
  GPU utilization  [|||||||||||||||||||||||||||||||||||||||||||||||99%]
  GPU memory usage [|||||||||||||||||||||||||||||||||||||||||||||| 92%]

                              Detailed Utilization                              
================================================================================
  CPU utilization per node (CPU time used/run time)
      g016.curta.zedat.fu-berlin.de: 1-21:38:40/1-21:47:32 (efficiency=99.7%)

  CPU memory usage per node - used/allocated
      g016.curta.zedat.fu-berlin.de: 6.7GB/9GB (6.7GB/9GB per core of 1, efficiency=74.2%)

  GPU utilization per node
      g016.curta.zedat.fu-berlin.de (GPU 1): 99.2%

  GPU memory usage per node - maximum used/total
      g016.curta.zedat.fu-berlin.de (GPU 1): 73.2GB/79.6GB (92.0%)

                                     Notes                                      
================================================================================
  * Have a nice day!


