
================================================================================
                              Slurm Job Statistics                              
================================================================================
         Job ID: 24077926
  NetID/Account: nicolasal97/agfritz
       Job Name: test_run_h100
          State: COMPLETED
          Nodes: 1
      CPU Cores: 1
     CPU Memory: 27GB (27GB per CPU-core)
           GPUs: 1
  QOS/Partition: standard/scavenger
        Cluster: curta
     Start Time: Tue Sep 30, 2025 at 5:26 PM
       Run Time: 01:49:34
     Time Limit: 12:00:00

                              Overall Utilization                               
================================================================================
  CPU utilization  [|||||||||||||||||||||||||||||||||||||||||||||||99%]
  CPU memory usage [||||||||                                       17%]
  GPU utilization  [|||||||||||||||||||||||||||||||||||||||||||||||94%]
  GPU memory usage [|||||||||||||||||||||||||||||||||||||||||||||| 92%]

                              Detailed Utilization                              
================================================================================
  CPU utilization per node (CPU time used/run time)
      g016.curta.zedat.fu-berlin.de: 01:48:39/01:49:34 (efficiency=99.2%)

  CPU memory usage per node - used/allocated
      g016.curta.zedat.fu-berlin.de: 4.7GB/27GB (4.7GB/27GB per core of 1, efficiency=17.3%)

  GPU utilization per node
      g016.curta.zedat.fu-berlin.de (GPU 2): 94.4%

  GPU memory usage per node - maximum used/total
      g016.curta.zedat.fu-berlin.de (GPU 2): 73.2GB/79.6GB (91.9%)

                                     Notes                                      
================================================================================
  * This job only needed 15% of the requested time, which was 12:00:00. For
    future jobs, please request less time by modifying the --time Slurm
    directive. This will lower your queue times and allow the Slurm job
    scheduler to work more effectively for all users. For more info:
      https://www.fu-berlin.de/en/sites/high-performance-computing/Dokumentation/Ressourcen-Manager/Zeitlimit

  * This job only used 17% of the 27GB of total allocated CPU memory. For
    future jobs, please allocate less memory by using a Slurm directive such
    as --mem-per-cpu=6G or --mem=6G. This will reduce your queue times and
    make the resources available to other users. For more info:
      https://www.fu-berlin.de/en/sites/high-performance-computing/Dokumentation/Ressourcen-Manager/Hauptspeicher/

  * Have a nice day!


