
================================================================================
                              Slurm Job Statistics                              
================================================================================
         Job ID: 24082636
  NetID/Account: nicolasal97/agfritz
       Job Name: run_h100
          State: COMPLETED
          Nodes: 1
      CPU Cores: 1
     CPU Memory: 45GB (45GB per CPU-core)
           GPUs: 1
  QOS/Partition: standard/scavenger
        Cluster: curta
     Start Time: Wed Oct 1, 2025 at 7:24 PM
       Run Time: 01:59:22
     Time Limit: 12:00:00

                              Overall Utilization                               
================================================================================
  CPU utilization  [|||||||||||||||||||||||||||||||||||||||||||||||97%]
  CPU memory usage [||||||||||||||||||||||||||||                   56%]
  GPU utilization  [||||||||||||||                                 29%]
  GPU memory usage [|||||||||||||||||||||||||||||||                62%]

                              Detailed Utilization                              
================================================================================
  CPU utilization per node (CPU time used/run time)
      g016.curta.zedat.fu-berlin.de: 01:55:53/01:59:22 (efficiency=97.1%)

  CPU memory usage per node - used/allocated
      g016.curta.zedat.fu-berlin.de: 25.1GB/45GB (25.1GB/45GB per core of 1, efficiency=55.8%)

  GPU utilization per node
      g016.curta.zedat.fu-berlin.de (GPU 0): 29.2%

  GPU memory usage per node - maximum used/total
      g016.curta.zedat.fu-berlin.de (GPU 0): 49.7GB/79.6GB (62.4%)

                                     Notes                                      
================================================================================
  * This job only needed 17% of the requested time, which was 12:00:00. For
    future jobs, please request less time by modifying the --time Slurm
    directive. This will lower your queue times and allow the Slurm job
    scheduler to work more effectively for all users. For more info:
      https://www.fu-berlin.de/en/sites/high-performance-computing/Dokumentation/Ressourcen-Manager/Zeitlimit

  * This job only used 56% of the 45GB of total allocated CPU memory. For
    future jobs, please allocate less memory by using a Slurm directive such
    as --mem-per-cpu=35G or --mem=35G. This will reduce your queue times and
    make the resources available to other users. For more info:
      https://www.fu-berlin.de/en/sites/high-performance-computing/Dokumentation/Ressourcen-Manager/Hauptspeicher/

  * Have a nice day!


