
================================================================================
                              Slurm Job Statistics                              
================================================================================
         Job ID: 24085223
  NetID/Account: nicolasal97/agfritz
       Job Name: run_h100
          State: COMPLETED
          Nodes: 1
      CPU Cores: 1
     CPU Memory: 30GB (30GB per CPU-core)
           GPUs: 1
  QOS/Partition: standard/scavenger
        Cluster: curta
     Start Time: Wed Oct 1, 2025 at 10:55 PM
       Run Time: 00:46:40
     Time Limit: 03:00:00

                              Overall Utilization                               
================================================================================
  CPU utilization  [|||||||||||||||||||||||||||||||||||||||||||||||98%]
  CPU memory usage [||||||||||||||||||||||||||||||||||             69%]
  GPU utilization  [|||||||||||||||||||||||                        47%]
  GPU memory usage [||||||||||||||||||||||||||||||||||||||||||     84%]

                              Detailed Utilization                              
================================================================================
  CPU utilization per node (CPU time used/run time)
      g016.curta.zedat.fu-berlin.de: 00:45:54/00:46:40 (efficiency=98.4%)

  CPU memory usage per node - used/allocated
      g016.curta.zedat.fu-berlin.de: 20.6GB/30GB (20.6GB/30GB per core of 1, efficiency=68.7%)

  GPU utilization per node
      g016.curta.zedat.fu-berlin.de (GPU 0): 47.1%

  GPU memory usage per node - maximum used/total
      g016.curta.zedat.fu-berlin.de (GPU 0): 67.2GB/79.6GB (84.4%)

                                     Notes                                      
================================================================================
  * This job only needed 26% of the requested time, which was 03:00:00. For
    future jobs, please request less time by modifying the --time Slurm
    directive. This will lower your queue times and allow the Slurm job
    scheduler to work more effectively for all users. For more info:
      https://www.fu-berlin.de/en/sites/high-performance-computing/Dokumentation/Ressourcen-Manager/Zeitlimit

  * This job only used 69% of the 30GB of total allocated CPU memory. For
    future jobs, please allocate less memory by using a Slurm directive such
    as --mem-per-cpu=25G or --mem=25G. This will reduce your queue times and
    make the resources available to other users. For more info:
      https://www.fu-berlin.de/en/sites/high-performance-computing/Dokumentation/Ressourcen-Manager/Hauptspeicher/

  * Have a nice day!


