
================================================================================
                              Slurm Job Statistics                              
================================================================================
         Job ID: 24080580
  NetID/Account: nicolasal97/agfritz
       Job Name: run_h100
          State: COMPLETED
          Nodes: 1
      CPU Cores: 1
     CPU Memory: 30GB (30GB per CPU-core)
           GPUs: 1
  QOS/Partition: standard/scavenger
        Cluster: curta
     Start Time: Wed Oct 1, 2025 at 5:01 AM
       Run Time: 08:47:40
     Time Limit: 1-00:00:00

                              Overall Utilization                               
================================================================================
  CPU utilization  [|||||||||||||||||||||||||||||||||||||||||||||||99%]
  CPU memory usage [|||||||||||||||||||||||||||||||||||            71%]
  GPU utilization  [||||||||||||||||||||||||||||||||||||||||||     85%]
  GPU memory usage [|||||||||||||||||||||||||||||||||||||||||||||| 92%]

                              Detailed Utilization                              
================================================================================
  CPU utilization per node (CPU time used/run time)
      g016.curta.zedat.fu-berlin.de: 08:42:30/08:47:40 (efficiency=99.0%)

  CPU memory usage per node - used/allocated
      g016.curta.zedat.fu-berlin.de: 21.4GB/30GB (21.4GB/30GB per core of 1, efficiency=71.4%)

  GPU utilization per node
      g016.curta.zedat.fu-berlin.de (GPU 3): 84.6%

  GPU memory usage per node - maximum used/total
      g016.curta.zedat.fu-berlin.de (GPU 3): 73.2GB/79.6GB (91.9%)

                                     Notes                                      
================================================================================
  * This job only needed 37% of the requested time, which was 1-00:00:00. For
    future jobs, please request less time by modifying the --time Slurm
    directive. This will lower your queue times and allow the Slurm job
    scheduler to work more effectively for all users. For more info:
      https://www.fu-berlin.de/en/sites/high-performance-computing/Dokumentation/Ressourcen-Manager/Zeitlimit

  * Have a nice day!


