
================================================================================
                              Slurm Job Statistics                              
================================================================================
         Job ID: 24062698
  NetID/Account: nicolasal97/agfritz
       Job Name: run_h100
          State: OUT_OF_MEMORY
          Nodes: 1
      CPU Cores: 1
     CPU Memory: 26GB (26GB per CPU-core)
           GPUs: 1
  QOS/Partition: standard/scavenger
        Cluster: curta
     Start Time: Sun Sep 28, 2025 at 11:29 AM
       Run Time: 06:05:09
     Time Limit: 12:00:00

                              Overall Utilization                               
================================================================================
  CPU utilization  [|||||||||||||||||||||||||||||||||||||||||||||||99%]
  CPU memory usage [||||||||||||||||||||||||||||||||||||||||||||||100%]
  GPU utilization  [                                                0%]
  GPU memory usage [|                                               2%]

                              Detailed Utilization                              
================================================================================
  CPU utilization per node (CPU time used/run time)
      g016.curta.zedat.fu-berlin.de: 06:00:44/06:05:09 (efficiency=98.8%)

  CPU memory usage per node - used/allocated
      g016.curta.zedat.fu-berlin.de: 25.9GB/26GB (25.9GB/26GB per core of 1, efficiency=99.7%)

  GPU utilization per node
      g016.curta.zedat.fu-berlin.de (GPU 0): 0.1%

  GPU memory usage per node - maximum used/total
      g016.curta.zedat.fu-berlin.de (GPU 0): 1.6GB/79.6GB (2.0%)

                                     Notes                                      
================================================================================
  * The overall GPU utilization of this job is only 0%. This value is low.
    Please investigate the reason for the low utilization. For more info:
      https://www.fu-berlin.de/en/sites/high-performance-computing/Dokumentation/Ressourcennutzung

  * This job failed because it needed more CPU memory than the amount that was
    requested. The solution is to resubmit the job while requesting more CPU
    memory by modifying the --mem-per-cpu or --mem Slurm directive. For more
    info:
      https://www.fu-berlin.de/en/sites/high-performance-computing/Dokumentation/Ressourcen-Manager/Hauptspeicher

  * Have a nice day!


