
================================================================================
                              Slurm Job Statistics                              
================================================================================
         Job ID: 24053708
  NetID/Account: nicolasal97/agfritz
       Job Name: run_h100
          State: TIMEOUT
          Nodes: 1
      CPU Cores: 1
     CPU Memory: 26GB (26GB per CPU-core)
           GPUs: 1
  QOS/Partition: standard/scavenger
        Cluster: curta
     Start Time: Sat Sep 27, 2025 at 2:07 PM
       Run Time: 03:00:17
     Time Limit: 03:00:00

                              Overall Utilization                               
================================================================================
  CPU utilization  [|||||||||||||||||||||||||||||||||||||||||||||||99%]
  CPU memory usage [|||||||||||||||||||||||||||||||||||            71%]
  GPU utilization  [                                                0%]
  GPU memory usage [|                                               2%]

                              Detailed Utilization                              
================================================================================
  CPU utilization per node (CPU time used/run time)
      g016.curta.zedat.fu-berlin.de: 02:59:21/03:00:17 (efficiency=99.5%)

  CPU memory usage per node - used/allocated
      g016.curta.zedat.fu-berlin.de: 18.5GB/26GB (18.5GB/26GB per core of 1, efficiency=71.3%)

  GPU utilization per node
      g016.curta.zedat.fu-berlin.de (GPU 0): 0.2%

  GPU memory usage per node - maximum used/total
      g016.curta.zedat.fu-berlin.de (GPU 0): 1.6GB/79.6GB (2.0%)

                                     Notes                                      
================================================================================
  * The overall GPU utilization of this job is only 0%. This value is low.
    Please investigate the reason for the low utilization. For more info:
      https://www.fu-berlin.de/en/sites/high-performance-computing/Dokumentation/Ressourcennutzung

  * This job failed because it exceeded the time limit. If there are no other
    problems then the solution is to increase the value of the --time Slurm
    directive and resubmit the job. For more info:
      https://www.fu-berlin.de/en/sites/high-performance-computing/Dokumentation/Ressourcen-Manager/Zeitlimit

  * Have a nice day!


