
================================================================================
                              Slurm Job Statistics                              
================================================================================
         Job ID: 24038469
  NetID/Account: nicolasal97/agfritz
       Job Name: run_h100
          State: COMPLETED
          Nodes: 1
      CPU Cores: 1
     CPU Memory: 26GB (26GB per CPU-core)
           GPUs: 1
  QOS/Partition: standard/scavenger
        Cluster: curta
     Start Time: Thu Sep 25, 2025 at 4:27 PM
       Run Time: 01:15:33
     Time Limit: 12:00:00

                              Overall Utilization                               
================================================================================
  CPU utilization  [|||||||||||||||||||||||||||||||||||||||||||||||98%]
  CPU memory usage [||||||||||||||||||||||||||||||||||||||||||||   88%]
  GPU utilization  [||||||||||                                     21%]
  GPU memory usage [|||||||||||||||||||||||||||||||||||||          74%]

                              Detailed Utilization                              
================================================================================
  CPU utilization per node (CPU time used/run time)
      g016.curta.zedat.fu-berlin.de: 01:13:42/01:15:33 (efficiency=97.6%)

  CPU memory usage per node - used/allocated
      g016.curta.zedat.fu-berlin.de: 22.8GB/26GB (22.8GB/26GB per core of 1, efficiency=87.6%)

  GPU utilization per node
      g016.curta.zedat.fu-berlin.de (GPU 0): 21.4%

  GPU memory usage per node - maximum used/total
      g016.curta.zedat.fu-berlin.de (GPU 0): 59.0GB/79.6GB (74.1%)

                                     Notes                                      
================================================================================
  * This job only needed 10% of the requested time, which was 12:00:00. For
    future jobs, please request less time by modifying the --time Slurm
    directive. This will lower your queue times and allow the Slurm job
    scheduler to work more effectively for all users. For more info:
      https://www.fu-berlin.de/en/sites/high-performance-computing/Dokumentation/Ressourcen-Manager/Zeitlimit

  * The overall GPU utilization of this job is 21%. This value is somewhat
    low. For more info:
      https://www.fu-berlin.de/en/sites/high-performance-computing/Dokumentation/Ressourcen-Manager/GPUs

  * Have a nice day!


