
================================================================================
                              Slurm Job Statistics                              
================================================================================
         Job ID: 24021719
  NetID/Account: nicolasal97/agfritz
       Job Name: run_h100
          State: TIMEOUT
          Nodes: 1
      CPU Cores: 1
     CPU Memory: 36GB (36GB per CPU-core)
           GPUs: 1
  QOS/Partition: hiprio/scavenger
        Cluster: curta
     Start Time: Wed Sep 24, 2025 at 1:18 AM
       Run Time: 03:00:27
     Time Limit: 03:00:00

                              Overall Utilization                               
================================================================================
  CPU utilization  [|||||||||||||||||||||||||||||||||||||||||||||||95%]
  CPU memory usage [|||||||||||||||||||||||||||||                  58%]
  GPU utilization  [|||||||||||                                    23%]
  GPU memory usage [|||||||||||||||||||||||||||||||||||||||||||||||94%]

                              Detailed Utilization                              
================================================================================
  CPU utilization per node (CPU time used/run time)
      g016.curta.zedat.fu-berlin.de: 02:50:48/03:00:27 (efficiency=94.7%)

  CPU memory usage per node - used/allocated
      g016.curta.zedat.fu-berlin.de: 20.8GB/36GB (20.8GB/36GB per core of 1, efficiency=57.9%)

  GPU utilization per node
      g016.curta.zedat.fu-berlin.de (GPU 0): 22.8%

  GPU memory usage per node - maximum used/total
      g016.curta.zedat.fu-berlin.de (GPU 0): 75.1GB/79.6GB (94.3%)

                                     Notes                                      
================================================================================
  * This job failed because it exceeded the time limit. If there are no other
    problems then the solution is to increase the value of the --time Slurm
    directive and resubmit the job. For more info:
      https://www.fu-berlin.de/en/sites/high-performance-computing/Dokumentation/Ressourcen-Manager/Zeitlimit

  * The overall GPU utilization of this job is 23%. This value is somewhat
    low. For more info:
      https://www.fu-berlin.de/en/sites/high-performance-computing/Dokumentation/Ressourcen-Manager/GPUs

  * This job only used 58% of the 36GB of total allocated CPU memory. For
    future jobs, please allocate less memory by using a Slurm directive such
    as --mem-per-cpu=26G or --mem=26G. This will reduce your queue times and
    make the resources available to other users. For more info:
      https://www.fu-berlin.de/en/sites/high-performance-computing/Dokumentation/Ressourcen-Manager/Hauptspeicher/

  * Have a nice day!


