
================================================================================
                              Slurm Job Statistics                              
================================================================================
         Job ID: 24380379
  NetID/Account: nicolasal97/agfritz
       Job Name: multilabel_fub_run_h100
          State: OUT_OF_MEMORY
          Nodes: 1
      CPU Cores: 1
     CPU Memory: 10GB (10GB per CPU-core)
           GPUs: 1
  QOS/Partition: prio/scavenger
        Cluster: curta
     Start Time: Thu Nov 13, 2025 at 8:17 PM
       Run Time: 03:36:03
     Time Limit: 12:00:00

                              Overall Utilization                               
================================================================================
  CPU utilization  [|||||||||||||||                                31%]
  CPU memory usage [||||||||||||||||||||||||||||||||||||           73%]
  GPU utilization  [||||||                                         13%]
  GPU memory usage [||||||||||||||||||                             37%]

                              Detailed Utilization                              
================================================================================
  CPU utilization per node (CPU time used/run time)
      g016.curta.zedat.fu-berlin.de: 01:07:36/03:36:03 (efficiency=31.3%)

  CPU memory usage per node - used/allocated
      g016.curta.zedat.fu-berlin.de: 7.3GB/10GB (7.3GB/10GB per core of 1, efficiency=73.2%)

  GPU utilization per node
      g016.curta.zedat.fu-berlin.de (GPU 1): 12.9%

  GPU memory usage per node - maximum used/total
      g016.curta.zedat.fu-berlin.de (GPU 1): 29.8GB/79.6GB (37.5%)

                                     Notes                                      
================================================================================
  * The overall GPU utilization of this job is only 13%. This value is low.
    Please investigate the reason for the low utilization. For more info:
      https://www.fu-berlin.de/en/sites/high-performance-computing/Dokumentation/Ressourcennutzung

  * This job failed because it needed more CPU memory than the amount that was
    requested. The solution is to resubmit the job while requesting more CPU
    memory by modifying the --mem-per-cpu or --mem Slurm directive. For more
    info:
      https://www.fu-berlin.de/en/sites/high-performance-computing/Dokumentation/Ressourcen-Manager/Hauptspeicher

  * Have a nice day!


