
================================================================================
                              Slurm Job Statistics                              
================================================================================
         Job ID: 24380382
  NetID/Account: nicolasal97/agfritz
       Job Name: multilabel_fub_run_h100
          State: OUT_OF_MEMORY
          Nodes: 1
      CPU Cores: 1
     CPU Memory: 10GB (10GB per CPU-core)
           GPUs: 1
  QOS/Partition: prio/scavenger
        Cluster: curta
     Start Time: Thu Nov 13, 2025 at 7:30 PM
       Run Time: 03:28:49
     Time Limit: 12:00:00

                              Overall Utilization                               
================================================================================
  CPU utilization  [||||||||||||||                                 29%]
  CPU memory usage [||||||||||||||||||||||||||||||||||||||||       80%]
  GPU utilization  [||||                                            9%]
  GPU memory usage [|||||||||||||||||||                            39%]

                              Detailed Utilization                              
================================================================================
  CPU utilization per node (CPU time used/run time)
      g016.curta.zedat.fu-berlin.de: 00:59:41/03:28:49 (efficiency=28.6%)

  CPU memory usage per node - used/allocated
      g016.curta.zedat.fu-berlin.de: 8.0GB/10GB (8.0GB/10GB per core of 1, efficiency=80.3%)

  GPU utilization per node
      g016.curta.zedat.fu-berlin.de (GPU 2): 9.3%

  GPU memory usage per node - maximum used/total
      g016.curta.zedat.fu-berlin.de (GPU 2): 30.7GB/79.6GB (38.5%)

                                     Notes                                      
================================================================================
  * The overall GPU utilization of this job is only 9%. This value is low.
    Please investigate the reason for the low utilization. For more info:
      https://www.fu-berlin.de/en/sites/high-performance-computing/Dokumentation/Ressourcennutzung

  * This job failed because it needed more CPU memory than the amount that was
    requested. The solution is to resubmit the job while requesting more CPU
    memory by modifying the --mem-per-cpu or --mem Slurm directive. For more
    info:
      https://www.fu-berlin.de/en/sites/high-performance-computing/Dokumentation/Ressourcen-Manager/Hauptspeicher

  * Have a nice day!


