
================================================================================
                              Slurm Job Statistics                              
================================================================================
         Job ID: 24183479
  NetID/Account: nicolasal97/agfritz
       Job Name: pos_fub_run_cpu
          State: COMPLETED
          Nodes: 1
      CPU Cores: 1
     CPU Memory: 4GB (4GB per CPU-core)
  QOS/Partition: standard/scavenger
        Cluster: curta
     Start Time: Fri Oct 10, 2025 at 8:30 PM
       Run Time: 00:36:06
     Time Limit: 00:45:00

                              Overall Utilization                               
================================================================================
  CPU utilization  [|||||||||||||||||||||||||||||||||||||||||||||||99%]
  CPU memory usage [||||||||||||||||||||                           40%]

                              Detailed Utilization                              
================================================================================
  CPU utilization per node (CPU time used/run time)
      c003.curta.zedat.fu-berlin.de: 00:35:44/00:36:06 (efficiency=99.0%)

  CPU memory usage per node - used/allocated
      c003.curta.zedat.fu-berlin.de: 1.6GB/4GB (1.6GB/4GB per core of 1, efficiency=40.1%)

                                     Notes                                      
================================================================================
  * This job only used 40% of the 4GB of total allocated CPU memory. For
    future jobs, please allocate less memory by using a Slurm directive such
    as --mem-per-cpu=2G or --mem=2G. This will reduce your queue times and
    make the resources available to other users. For more info:
      https://www.fu-berlin.de/en/sites/high-performance-computing/Dokumentation/Ressourcen-Manager/Hauptspeicher/

  * Have a nice day!


