
================================================================================
                              Slurm Job Statistics                              
================================================================================
         Job ID: 24123090
  NetID/Account: nicolasal97/agfritz
       Job Name: bertopic_fub_run_h100
          State: COMPLETED
          Nodes: 1
      CPU Cores: 1
     CPU Memory: 45GB (45GB per CPU-core)
           GPUs: 1
  QOS/Partition: standard/scavenger
        Cluster: curta
     Start Time: Tue Oct 7, 2025 at 8:52 AM
       Run Time: 05:29:40
     Time Limit: 09:00:00

                              Overall Utilization                               
================================================================================
  CPU utilization  [|||||||||||||||||||||||||||||||||||||||||||||||98%]
  CPU memory usage [||||||||||||||||||||||||||||||||               64%]
  GPU utilization  [|||||||||                                      18%]
  GPU memory usage [|||||||||||||||||||||||||||||||||||||||||||||| 92%]

                              Detailed Utilization                              
================================================================================
  CPU utilization per node (CPU time used/run time)
      g016.curta.zedat.fu-berlin.de: 05:23:19/05:29:40 (efficiency=98.1%)

  CPU memory usage per node - used/allocated
      g016.curta.zedat.fu-berlin.de: 28.6GB/45GB (28.6GB/45GB per core of 1, efficiency=63.6%)

  GPU utilization per node
      g016.curta.zedat.fu-berlin.de (GPU 2): 18.1%

  GPU memory usage per node - maximum used/total
      g016.curta.zedat.fu-berlin.de (GPU 2): 73.2GB/79.6GB (91.8%)

                                     Notes                                      
================================================================================
  * This job only needed 61% of the requested time which was 09:00:00. For
    future jobs, please request less time by modifying the --time Slurm
    directive. This will lower your queue times and allow the Slurm job
    scheduler to work more effectively for all users. For more info:
      https://www.fu-berlin.de/en/sites/high-performance-computing/Dokumentation/Ressourcen-Manager/Zeitlimit

  * The overall GPU utilization of this job is 18%. This value is somewhat
    low. For more info:
      https://www.fu-berlin.de/en/sites/high-performance-computing/Dokumentation/Ressourcen-Manager/GPUs

  * This job only used 64% of the 45GB of total allocated CPU memory. For
    future jobs, please allocate less memory by using a Slurm directive such
    as --mem-per-cpu=40G or --mem=40G. This will reduce your queue times and
    make the resources available to other users. For more info:
      https://www.fu-berlin.de/en/sites/high-performance-computing/Dokumentation/Ressourcen-Manager/Hauptspeicher/

  * Have a nice day!


