
================================================================================
                              Slurm Job Statistics                              
================================================================================
         Job ID: 24142178
  NetID/Account: nicolasal97/agfritz
       Job Name: bertopic_fub_run_h100
          State: COMPLETED
          Nodes: 1
      CPU Cores: 1
     CPU Memory: 40GB (40GB per CPU-core)
           GPUs: 1
  QOS/Partition: standard/scavenger
        Cluster: curta
     Start Time: Thu Oct 9, 2025 at 8:08 AM
       Run Time: 04:50:00
     Time Limit: 07:00:00

                              Overall Utilization                               
================================================================================
  CPU utilization  [|||||||||||||||||||||||||||||||||||||||||||||||96%]
  CPU memory usage [||||||||||||||||||||||||||||||||||||||||       80%]
  GPU utilization  [|||||||||                                      18%]
  GPU memory usage [|||||||||||||||||||||||||||||||||||||||||||||| 92%]

                              Detailed Utilization                              
================================================================================
  CPU utilization per node (CPU time used/run time)
      g016.curta.zedat.fu-berlin.de: 04:39:18/04:50:00 (efficiency=96.3%)

  CPU memory usage per node - used/allocated
      g016.curta.zedat.fu-berlin.de: 32.0GB/40GB (32.0GB/40GB per core of 1, efficiency=80.1%)

  GPU utilization per node
      g016.curta.zedat.fu-berlin.de (GPU 0): 18.5%

  GPU memory usage per node - maximum used/total
      g016.curta.zedat.fu-berlin.de (GPU 0): 73.1GB/79.6GB (91.8%)

                                     Notes                                      
================================================================================
  * This job only needed 69% of the requested time which was 07:00:00. For
    future jobs, please request less time by modifying the --time Slurm
    directive. This will lower your queue times and allow the Slurm job
    scheduler to work more effectively for all users. For more info:
      https://www.fu-berlin.de/en/sites/high-performance-computing/Dokumentation/Ressourcen-Manager/Zeitlimit

  * The overall GPU utilization of this job is 18%. This value is somewhat
    low. For more info:
      https://www.fu-berlin.de/en/sites/high-performance-computing/Dokumentation/Ressourcen-Manager/GPUs

  * Have a nice day!


