
================================================================================
                              Slurm Job Statistics                              
================================================================================
         Job ID: 24095780
  NetID/Account: nicolasal97/agfritz
       Job Name: bertopic_fub_run_h100
          State: COMPLETED
          Nodes: 1
      CPU Cores: 1
     CPU Memory: 45GB (45GB per CPU-core)
           GPUs: 1
  QOS/Partition: standard/scavenger
        Cluster: curta
     Start Time: Sat Oct 4, 2025 at 3:12 PM
       Run Time: 01:17:26
     Time Limit: 1-00:00:00

                              Overall Utilization                               
================================================================================
  CPU utilization  [|||||||||||||||||||||||||||||||||||||||||||    87%]
  CPU memory usage [|||||||||||||||||||||||                        46%]
  GPU utilization  [|||||||||||||||||                              35%]
  GPU memory usage [|||||||||||||||||||||||||||||||||||||||||||||  90%]

                              Detailed Utilization                              
================================================================================
  CPU utilization per node (CPU time used/run time)
      g016.curta.zedat.fu-berlin.de: 01:06:59/01:17:26 (efficiency=86.5%)

  CPU memory usage per node - used/allocated
      g016.curta.zedat.fu-berlin.de: 20.6GB/45GB (20.6GB/45GB per core of 1, efficiency=45.8%)

  GPU utilization per node
      g016.curta.zedat.fu-berlin.de (GPU 3): 35.1%

  GPU memory usage per node - maximum used/total
      g016.curta.zedat.fu-berlin.de (GPU 3): 72.1GB/79.6GB (90.5%)

                                     Notes                                      
================================================================================
  * This job only needed 5% of the requested time, which was 1-00:00:00. For
    future jobs, please request less time by modifying the --time Slurm
    directive. This will lower your queue times and allow the Slurm job
    scheduler to work more effectively for all users. For more info:
      https://www.fu-berlin.de/en/sites/high-performance-computing/Dokumentation/Ressourcen-Manager/Zeitlimit

  * This job only used 46% of the 45GB of total allocated CPU memory. For
    future jobs, please allocate less memory by using a Slurm directive such
    as --mem-per-cpu=25G or --mem=25G. This will reduce your queue times and
    make the resources available to other users. For more info:
      https://www.fu-berlin.de/en/sites/high-performance-computing/Dokumentation/Ressourcen-Manager/Hauptspeicher/

  * Have a nice day!


