
================================================================================
                              Slurm Job Statistics                              
================================================================================
         Job ID: 24357875
  NetID/Account: nicolasal97/agfritz
       Job Name: multilabel_fub_run_h100
          State: COMPLETED
          Nodes: 1
      CPU Cores: 1
     CPU Memory: 3GB (3GB per CPU-core)
           GPUs: 1
  QOS/Partition: standard/scavenger
        Cluster: curta
     Start Time: Fri Nov 7, 2025 at 5:27 PM
       Run Time: 00:02:30
     Time Limit: 00:15:00

                              Overall Utilization                               
================================================================================
  CPU utilization  [||||||||||||||||||||||                         45%]
  CPU memory usage [||||||||||||||||||||||||||||||||               64%]
  GPU utilization  [||||||||||||||||                               32%]
  GPU memory usage [|||||||||||||||||||||||||||||||||              67%]

                              Detailed Utilization                              
================================================================================
  CPU utilization per node (CPU time used/run time)
      g016.curta.zedat.fu-berlin.de: 00:01:07/00:02:30 (efficiency=44.8%)

  CPU memory usage per node - used/allocated
      g016.curta.zedat.fu-berlin.de: 1.9GB/3GB (1.9GB/3GB per core of 1, efficiency=63.6%)

  GPU utilization per node
      g016.curta.zedat.fu-berlin.de (GPU 0): 31.6%

  GPU memory usage per node - maximum used/total
      g016.curta.zedat.fu-berlin.de (GPU 0): 53.6GB/79.6GB (67.3%)

                                     Notes                                      
================================================================================
  * Have a nice day!


