
================================================================================
                              Slurm Job Statistics                              
================================================================================
         Job ID: 24080577
  NetID/Account: nicolasal97/agfritz
       Job Name: run_h100
          State: OUT_OF_MEMORY
          Nodes: 1
      CPU Cores: 1
     CPU Memory: 30GB (30GB per CPU-core)
           GPUs: 1
  QOS/Partition: standard/scavenger
        Cluster: curta
     Start Time: Wed Oct 1, 2025 at 1:25 AM
       Run Time: 13:09:49
     Time Limit: 1-00:00:00

                              Overall Utilization                               
================================================================================
  CPU utilization  [|||||||||||||||||||||||||||||||||||||||||||||||99%]
  CPU memory usage [|||||||||||||||||||||||||||||||||||||||||||    86%]
  GPU utilization  [||||||||||||||||||||||||||||||||||||||||||     85%]
  GPU memory usage [|||||||||||||||||||||||||||||||||||||||||||||| 92%]

                              Detailed Utilization                              
================================================================================
  CPU utilization per node (CPU time used/run time)
      g016.curta.zedat.fu-berlin.de: 13:01:16/13:09:49 (efficiency=98.9%)

  CPU memory usage per node - used/allocated
      g016.curta.zedat.fu-berlin.de: 25.9GB/30GB (25.9GB/30GB per core of 1, efficiency=86.5%)

  GPU utilization per node
      g016.curta.zedat.fu-berlin.de (GPU 1): 84.9%

  GPU memory usage per node - maximum used/total
      g016.curta.zedat.fu-berlin.de (GPU 1): 73.2GB/79.6GB (91.9%)

                                     Notes                                      
================================================================================
  * This job failed because it needed more CPU memory than the amount that was
    requested. The solution is to resubmit the job while requesting more CPU
    memory by modifying the --mem-per-cpu or --mem Slurm directive. For more
    info:
      https://www.fu-berlin.de/en/sites/high-performance-computing/Dokumentation/Ressourcen-Manager/Hauptspeicher

  * Have a nice day!


