
================================================================================
                              Slurm Job Statistics                              
================================================================================
         Job ID: 24082513
  NetID/Account: nicolasal97/agfritz
       Job Name: run_h100
          State: CANCELLED
          Nodes: 1
      CPU Cores: 1
     CPU Memory: 45GB (45GB per CPU-core)
           GPUs: 1
  QOS/Partition: standard/scavenger
        Cluster: curta
     Start Time: Wed Oct 1, 2025 at 7:12 PM
       Run Time: 00:07:53
     Time Limit: 1-00:00:00

                              Overall Utilization                               
================================================================================
  CPU utilization  [|||||||||||||||||||||||||||||||||||||||||||||| 93%]
  CPU memory usage [|||||                                          10%]
  GPU utilization  [                                                1%]
  GPU memory usage [|                                               2%]

                              Detailed Utilization                              
================================================================================
  CPU utilization per node (CPU time used/run time)
      g016.curta.zedat.fu-berlin.de: 00:07:19/00:07:53 (efficiency=92.9%)

  CPU memory usage per node - used/allocated
      g016.curta.zedat.fu-berlin.de: 4.7GB/45GB (4.7GB/45GB per core of 1, efficiency=10.3%)

  GPU utilization per node
      g016.curta.zedat.fu-berlin.de (GPU 0): 1.1%

  GPU memory usage per node - maximum used/total
      g016.curta.zedat.fu-berlin.de (GPU 0): 1.6GB/79.6GB (2.0%)

                                     Notes                                      
================================================================================
  * The overall GPU utilization of this job is only 1%. This value is low.
    Please investigate the reason for the low utilization. For more info:
      https://www.fu-berlin.de/en/sites/high-performance-computing/Dokumentation/Ressourcennutzung

  * This job only used 10% of the 45GB of total allocated CPU memory. For
    future jobs, please allocate less memory by using a Slurm directive such
    as --mem-per-cpu=6G or --mem=6G. This will reduce your queue times and
    make the resources available to other users. For more info:
      https://www.fu-berlin.de/en/sites/high-performance-computing/Dokumentation/Ressourcen-Manager/Hauptspeicher/

  * Have a nice day!


