
================================================================================
                              Slurm Job Statistics                              
================================================================================
         Job ID: 24080582
  NetID/Account: nicolasal97/agfritz
       Job Name: run_h100
          State: CANCELLED
          Nodes: 1
      CPU Cores: 1
     CPU Memory: 30GB (30GB per CPU-core)
           GPUs: 1
  QOS/Partition: standard/scavenger
        Cluster: curta
     Start Time: Wed Oct 1, 2025 at 10:26 AM
       Run Time: 08:53:51
     Time Limit: 1-00:00:00

                              Overall Utilization                               
================================================================================
  CPU utilization  [|||||||||||||||||||||||||||||||||||||||||||||||98%]
  CPU memory usage [||||||||||||||||||||||||||||||                 61%]
  GPU utilization  [|||||||||||||||||||||||||||||||||||||||||||    86%]
  GPU memory usage [|||||||||||||||||||||||||||||||||||||||||||||| 92%]

                              Detailed Utilization                              
================================================================================
  CPU utilization per node (CPU time used/run time)
      g016.curta.zedat.fu-berlin.de: 08:44:42/08:53:51 (efficiency=98.3%)

  CPU memory usage per node - used/allocated
      g016.curta.zedat.fu-berlin.de: 18.2GB/30GB (18.2GB/30GB per core of 1, efficiency=60.8%)

  GPU utilization per node
      g016.curta.zedat.fu-berlin.de (GPU 2): 86.3%

  GPU memory usage per node - maximum used/total
      g016.curta.zedat.fu-berlin.de (GPU 2): 73.2GB/79.6GB (91.9%)

                                     Notes                                      
================================================================================
  * This job only used 61% of the 30GB of total allocated CPU memory. For
    future jobs, please allocate less memory by using a Slurm directive such
    as --mem-per-cpu=22G or --mem=22G. This will reduce your queue times and
    make the resources available to other users. For more info:
      https://www.fu-berlin.de/en/sites/high-performance-computing/Dokumentation/Ressourcen-Manager/Hauptspeicher/

  * Have a nice day!


