
================================================================================
                              Slurm Job Statistics                              
================================================================================
         Job ID: 24139963
  NetID/Account: nicolasal97/agfritz
       Job Name: bertopic_fub_run_h100
          State: OUT_OF_MEMORY
          Nodes: 1
      CPU Cores: 1
     CPU Memory: 20GB (20GB per CPU-core)
           GPUs: 1
  QOS/Partition: standard/scavenger
        Cluster: curta
     Start Time: Wed Oct 8, 2025 at 6:26 PM
       Run Time: 04:51:47
     Time Limit: 07:00:00

                              Overall Utilization                               
================================================================================
  CPU utilization  [|||||||||||||||||||||||||||||||||||||||||||||||97%]
  CPU memory usage [||||||||||||||||||||||||||||||||||||||||||||   88%]
  GPU utilization  [||||||||                                       17%]
  GPU memory usage [|||||||||||||||||||||||||||||||||||||||||||||| 92%]

                              Detailed Utilization                              
================================================================================
  CPU utilization per node (CPU time used/run time)
      g016.curta.zedat.fu-berlin.de: 04:42:51/04:51:47 (efficiency=96.9%)

  CPU memory usage per node - used/allocated
      g016.curta.zedat.fu-berlin.de: 17.7GB/20GB (17.7GB/20GB per core of 1, efficiency=88.5%)

  GPU utilization per node
      g016.curta.zedat.fu-berlin.de (GPU 0): 17.4%

  GPU memory usage per node - maximum used/total
      g016.curta.zedat.fu-berlin.de (GPU 0): 73.1GB/79.6GB (91.8%)

                                     Notes                                      
================================================================================
  * This job failed because it needed more CPU memory than the amount that was
    requested. The solution is to resubmit the job while requesting more CPU
    memory by modifying the --mem-per-cpu or --mem Slurm directive. For more
    info:
      https://www.fu-berlin.de/en/sites/high-performance-computing/Dokumentation/Ressourcen-Manager/Hauptspeicher

  * The overall GPU utilization of this job is 17%. This value is somewhat
    low. For more info:
      https://www.fu-berlin.de/en/sites/high-performance-computing/Dokumentation/Ressourcen-Manager/GPUs

  * Have a nice day!


