
================================================================================
                              Slurm Job Statistics                              
================================================================================
         Job ID: 24136113
  NetID/Account: nicolasal97/agfritz
       Job Name: bertopic_fub_run_h100
          State: TIMEOUT
          Nodes: 1
      CPU Cores: 1
     CPU Memory: 20GB (20GB per CPU-core)
           GPUs: 1
  QOS/Partition: standard/scavenger
        Cluster: curta
     Start Time: Wed Oct 8, 2025 at 9:25 AM
       Run Time: 04:00:18
     Time Limit: 04:00:00

                              Overall Utilization                               
================================================================================
  CPU utilization  [|||||||||||||||||||||||||||||||||||||||||||||  91%]
  CPU memory usage [|||||||||||||||||||||||||||||||||||||||||||    87%]
  GPU utilization  [||||||||||                                     21%]
  GPU memory usage [|||||||||||||||||||||||||||||||||||||||||||||| 92%]

                              Detailed Utilization                              
================================================================================
  CPU utilization per node (CPU time used/run time)
      g016.curta.zedat.fu-berlin.de: 03:38:00/04:00:18 (efficiency=90.7%)

  CPU memory usage per node - used/allocated
      g016.curta.zedat.fu-berlin.de: 17.5GB/20GB (17.5GB/20GB per core of 1, efficiency=87.5%)

  GPU utilization per node
      g016.curta.zedat.fu-berlin.de (GPU 0): 21.1%

  GPU memory usage per node - maximum used/total
      g016.curta.zedat.fu-berlin.de (GPU 0): 73.1GB/79.6GB (91.8%)

                                     Notes                                      
================================================================================
  * This job failed because it exceeded the time limit. If there are no other
    problems then the solution is to increase the value of the --time Slurm
    directive and resubmit the job. For more info:
      https://www.fu-berlin.de/en/sites/high-performance-computing/Dokumentation/Ressourcen-Manager/Zeitlimit

  * The overall GPU utilization of this job is 21%. This value is somewhat
    low. For more info:
      https://www.fu-berlin.de/en/sites/high-performance-computing/Dokumentation/Ressourcen-Manager/GPUs

  * Have a nice day!


