
================================================================================
                              Slurm Job Statistics                              
================================================================================
         Job ID: 24362509
  NetID/Account: nicolasal97/agfritz
       Job Name: sent_fub_run_a5000
          State: COMPLETED
          Nodes: 1
      CPU Cores: 1
     CPU Memory: 5GB (5GB per CPU-core)
           GPUs: 1
  QOS/Partition: standard/scavenger
        Cluster: curta
     Start Time: Sat Nov 8, 2025 at 6:53 PM
       Run Time: 00:03:29
     Time Limit: 01:00:00

                              Overall Utilization                               
================================================================================
  CPU utilization  [||||||||||||||                                 28%]
  CPU memory usage [|||||||||||||||||                              34%]
  GPU utilization  [|||||||                                        14%]
  GPU memory usage [|||||||                                        15%]

                              Detailed Utilization                              
================================================================================
  CPU utilization per node (CPU time used/run time)
      g009.curta.zedat.fu-berlin.de: 00:00:58/00:03:29 (efficiency=27.8%)

  CPU memory usage per node - used/allocated
      g009.curta.zedat.fu-berlin.de: 1.7GB/5GB (1.7GB/5GB per core of 1, efficiency=33.9%)

  GPU utilization per node
      g009.curta.zedat.fu-berlin.de (GPU 0): 13.9%

  GPU memory usage per node - maximum used/total
      g009.curta.zedat.fu-berlin.de (GPU 0): 3.5GB/24GB (14.8%)

                                     Notes                                      
================================================================================
  * The overall GPU utilization of this job is only 14%. This value is low.
    Please investigate the reason for the low utilization. For more info:
      https://www.fu-berlin.de/en/sites/high-performance-computing/Dokumentation/Ressourcennutzung

  * Have a nice day!


