
================================================================================
                              Slurm Job Statistics                              
================================================================================
         Job ID: 24095776
  NetID/Account: nicolasal97/agfritz
       Job Name: fix_fub_run_h100
          State: COMPLETED
          Nodes: 1
      CPU Cores: 1
     CPU Memory: 30GB (30GB per CPU-core)
           GPUs: 1
  QOS/Partition: standard/scavenger
        Cluster: curta
     Start Time: Sat Oct 4, 2025 at 3:01 PM
       Run Time: 05:16:44
     Time Limit: 3-00:00:00

                              Overall Utilization                               
================================================================================
  CPU utilization  [|||||||||||||||||||||||||||||||||||||||||||||||97%]
  CPU memory usage [|||||||||||||||||||||||||||||||                62%]
  GPU utilization  [|||||||||||||||||||||||||||||||||||||||||||||| 92%]
  GPU memory usage [|||||||||||||||||||||||||||||||||||||||||||||| 92%]

                              Detailed Utilization                              
================================================================================
  CPU utilization per node (CPU time used/run time)
      g016.curta.zedat.fu-berlin.de: 05:06:45/05:16:44 (efficiency=96.9%)

  CPU memory usage per node - used/allocated
      g016.curta.zedat.fu-berlin.de: 18.6GB/30GB (18.6GB/30GB per core of 1, efficiency=62.2%)

  GPU utilization per node
      g016.curta.zedat.fu-berlin.de (GPU 1): 92.5%

  GPU memory usage per node - maximum used/total
      g016.curta.zedat.fu-berlin.de (GPU 1): 73.2GB/79.6GB (91.9%)

                                     Notes                                      
================================================================================
  * This job only needed 7% of the requested time, which was 3-00:00:00. For
    future jobs, please request less time by modifying the --time Slurm
    directive. This will lower your queue times and allow the Slurm job
    scheduler to work more effectively for all users. For more info:
      https://www.fu-berlin.de/en/sites/high-performance-computing/Dokumentation/Ressourcen-Manager/Zeitlimit

  * This job only used 62% of the 30GB of total allocated CPU memory. For
    future jobs, please allocate less memory by using a Slurm directive such
    as --mem-per-cpu=23G or --mem=23G. This will reduce your queue times and
    make the resources available to other users. For more info:
      https://www.fu-berlin.de/en/sites/high-performance-computing/Dokumentation/Ressourcen-Manager/Hauptspeicher/

  * Have a nice day!


