
================================================================================
                              Slurm Job Statistics                              
================================================================================
         Job ID: 24365567
  NetID/Account: nicolasal97/agfritz
       Job Name: pos_fub_run_cpu
          State: COMPLETED
          Nodes: 1
      CPU Cores: 1
     CPU Memory: 5GB (5GB per CPU-core)
  QOS/Partition: standard/scavenger
        Cluster: curta
     Start Time: Sun Nov 9, 2025 at 7:52 PM
       Run Time: 00:29:46
     Time Limit: 00:35:00

                              Overall Utilization                               
================================================================================
  CPU utilization  [|||||||||||||||||||||||||||||||||||||||||||||||99%]
  CPU memory usage [|||||||||||||||||                              35%]

                              Detailed Utilization                              
================================================================================
  CPU utilization per node (CPU time used/run time)
      c003.curta.zedat.fu-berlin.de: 00:29:23/00:29:46 (efficiency=98.8%)

  CPU memory usage per node - used/allocated
      c003.curta.zedat.fu-berlin.de: 1.8GB/5GB (1.8GB/5GB per core of 1, efficiency=35.2%)

                                     Notes                                      
================================================================================
  * This job only used 35% of the 5GB of total allocated CPU memory. For
    future jobs, please allocate less memory by using a Slurm directive such
    as --mem-per-cpu=3G or --mem=3G. This will reduce your queue times and
    make the resources available to other users. For more info:
      https://www.fu-berlin.de/en/sites/high-performance-computing/Dokumentation/Ressourcen-Manager/Hauptspeicher/

  * Have a nice day!


