
================================================================================
                              Slurm Job Statistics                              
================================================================================
         Job ID: 24123046
  NetID/Account: nicolasal97/agfritz
       Job Name: fix_fub_run_h100
          State: COMPLETED
          Nodes: 1
      CPU Cores: 1
     CPU Memory: 24GB (24GB per CPU-core)
           GPUs: 1
  QOS/Partition: standard/scavenger
        Cluster: curta
     Start Time: Tue Oct 7, 2025 at 8:48 AM
       Run Time: 05:04:22
     Time Limit: 05:30:00

                              Overall Utilization                               
================================================================================
  CPU utilization  [|||||||||||||||||||||||||||||||||||||||||||||||97%]
  CPU memory usage [|||||||||||||||||||||||||||||||||||||||        78%]
  GPU utilization  [|||||||||||||||||||||||||||||||||||||||||||||| 92%]
  GPU memory usage [|||||||||||||||||||||||||||||||||||||||||||||| 92%]

                              Detailed Utilization                              
================================================================================
  CPU utilization per node (CPU time used/run time)
      g016.curta.zedat.fu-berlin.de: 04:55:04/05:04:22 (efficiency=96.9%)

  CPU memory usage per node - used/allocated
      g016.curta.zedat.fu-berlin.de: 18.7GB/24GB (18.7GB/24GB per core of 1, efficiency=77.7%)

  GPU utilization per node
      g016.curta.zedat.fu-berlin.de (GPU 1): 92.5%

  GPU memory usage per node - maximum used/total
      g016.curta.zedat.fu-berlin.de (GPU 1): 73.2GB/79.6GB (91.9%)

                                     Notes                                      
================================================================================
  * Have a nice day!


